// Jest Snapshot v1, https://goo.gl/fbAQLP

exports[`TagTemplate renders correctly 1`] = `
<div
  className="layout"
>
  <div
    className="sidebar"
  >
    <div
      className="sidebar__inner"
    >
      <h1
        className="sidebar__title"
      >
        Arity Parity
      </h1>
      <div
        className="menu"
      >
        <h3>
          Links
        </h3>
        <ul
          className="menu__list"
        >
          <li
            className="menu__list-item"
          >
            <a
              className="menu__list-item-link"
              href="/test/1/"
            >
              Test label 1
            </a>
          </li>
          <li
            className="menu__list-item"
          >
            <a
              className="menu__list-item-link"
              href="/test/2/"
            >
              Test label 2
            </a>
          </li>
          <li
            className="menu__list-item"
          >
            <a
              className="menu__list-item-link"
              href="/test/3/"
            >
              Test label 3
            </a>
          </li>
        </ul>
      </div>
      <div
        className="feedcategories"
      >
        <h3>
          Categories
        </h3>
        <ul
          className="feedcategories__list"
        >
          <li
            className="feedcategories__list-item"
          >
            <a
              className="feedcategories__list-item-link"
              href="/tag/test-0/"
            >
              test_0
               (
              1
              )
            </a>
          </li>
          <li
            className="feedcategories__list-item"
          >
            <a
              className="feedcategories__list-item-link"
              href="/tag/test-1/"
            >
              test_1
               (
              2
              )
            </a>
          </li>
        </ul>
      </div>
      <div
        className="feedtags"
      >
        <h3>
          Tags
        </h3>
        <ul
          className="feedtags__list"
        >
          <li
            className="feedtags__list-item"
          >
            <a
              className="feedtags__list-item-link"
              href="/tag/test-0/"
            >
              test_0
               (
              1
              )
            </a>
          </li>
          <li
            className="feedtags__list-item"
          >
            <a
              className="feedtags__list-item-link"
              href="/tag/test-1/"
            >
              test_1
               (
              2
              )
            </a>
          </li>
        </ul>
      </div>
      <div
        className="authorsidebar"
      >
        <h3>
          Authors
        </h3>
        <ul
          className="authorsidebar__list"
        >
          <li
            className="authorsidebar__list-item"
          >
            <ul
              className="author"
            >
              <li>
                <div
                  className="author__headshot"
                >
                  <img
                    alt="Test name"
                    className="author__headshot_photo"
                    height="75"
                    src="/test.jpg"
                    width="75"
                  />
                </div>
              </li>
              <li>
                <div
                  className="author__name"
                  height="75"
                >
                  <a
                    className="author__name-link"
                    href="/pages/test-bio/"
                  >
                    Test name
                  </a>
                </div>
              </li>
            </ul>
          </li>
        </ul>
      </div>
      <div
        className="copyright"
      >
        Test copyright
      </div>
    </div>
  </div>
  <div
    className="page"
  >
    <div
      className="page__inner"
    >
      <h1
        className="page__title"
      >
        test
      </h1>
      <div
        className="page__body"
      >
        <div
          className="feed"
        >
          <div
            className="feed__item"
          >
            <div
              className="feed__item-meta"
            >
              <time
                className="feed__item-meta-time"
                dateTime="September 1, 2016"
              >
                September 2016
              </time>
              <span
                className="feed__item-meta-divider"
              />
              <span
                className="feed__item-meta-category"
              >
                <a
                  className="feed__item-meta-category-link"
                  href="/test"
                >
                  test
                </a>
              </span>
            </div>
            <h2
              className="feed__item-title"
            >
              <a
                className="feed__item-title-link"
                href="/test_0"
              >
                test_0
              </a>
            </h2>
            <p
              className="feed__item-description"
            >
              test_0
            </p>
            <a
              className="feed__item-readmore"
              href="/test_0"
            >
              Read
            </a>
          </div>
          <div
            className="feed__item"
          >
            <div
              className="feed__item-meta"
            >
              <time
                className="feed__item-meta-time"
                dateTime="September 1, 2016"
              >
                September 2016
              </time>
              <span
                className="feed__item-meta-divider"
              />
              <span
                className="feed__item-meta-category"
              >
                <a
                  className="feed__item-meta-category-link"
                  href="/test"
                >
                  test
                </a>
              </span>
            </div>
            <h2
              className="feed__item-title"
            >
              <a
                className="feed__item-title-link"
                href="/test_1"
              >
                test_1
              </a>
            </h2>
            <p
              className="feed__item-description"
            >
              test_1
            </p>
            <a
              className="feed__item-readmore"
              href="/test_1"
            >
              Read
            </a>
          </div>
        </div>
        <div
          className="pagination"
        >
          <div
            className="pagination__prev"
          >
            <a
              className="pagination__prev-link"
              href="/page/1"
              rel="prev"
            >
              ← PREV
            </a>
          </div>
          <div
            className="pagination__next"
          >
            <a
              className="pagination__next-link"
              href="/page/3"
              rel="next"
            >
              → NEXT
            </a>
          </div>
        </div>
      </div>
    </div>
  </div>
</div>
`;
